// Jest Snapshot v1, https://goo.gl/fbAQLP

exports[`Login component render LoginForm 1`] = `
<Provider
  store={
    Object {
      "clearActions": [Function],
      "dispatch": [Function],
      "getActions": [Function],
      "getState": [Function],
      "replaceReducer": [Function],
      "subscribe": [Function],
    }
  }
>
  <Connect(LoginForm)>
    <LoginForm
      fetchIds={[Function]}
      loginError={false}
      setIsAuth={[Function]}
      setJwt={[Function]}
      setLoginError={[Function]}
      setUid={[Function]}
      setUsername={[Function]}
    >
      <div
        className="login-form"
        style={
          Object {
            "margin": "0 auto",
            "width": "350px",
          }
        }
      >
        <form
          method="post"
          onSubmit={[Function]}
        >
          <h2
            className="text-center"
          >
            Log in
          </h2>
          <div
            className="form-group"
          >
            <input
              className="form-control"
              id="login"
              name="login"
              placeholder="Username"
              required="required"
              type="text"
            />
          </div>
          <div
            className="form-group"
          >
            <input
              className="form-control"
              id="password"
              name="password"
              placeholder="Password"
              required="required"
              type="password"
            />
          </div>
          <div
            className="form-group"
          >
            <button
              className="btn btn-primary btn-block"
              type="submit"
            >
              Log in
            </button>
          </div>
        </form>
      </div>
    </LoginForm>
  </Connect(LoginForm)>
</Provider>
`;
